<html>
<body>
<pre>
<h1>µVision Build Log</h1>
<h2>Tool Versions:</h2>
IDE-Version: µVision V5.17.0.0
Copyright (C) 2015 ARM Ltd and ARM Germany GmbH. All rights reserved.
License Information: Javier Cebrian, UAH, LIC=V852Z-JNV8D-22BL4-FI50B-EBBKT-Y8E3A
 
Tool Versions:
Toolchain:       MDK-ARM Professional  Version: 5.17
Toolchain Path:  C:\Keil_v5\ARM\ARMCC\Bin
C Compiler:      Armcc.exe V5.06 update 1 (build 61)
Assembler:       Armasm.exe V5.06 update 1 (build 61)
Linker/Locator:  ArmLink.exe V5.06 update 1 (build 61)
Library Manager: ArmAr.exe V5.06 update 1 (build 61)
Hex Converter:   FromElf.exe V5.06 update 1 (build 61)
CPU DLL:         SARMCM3.DLL V5.17
Dialog DLL:      DCM.DLL V1.13.4.0
Target DLL:      STLink\ST-LINKIII-KEIL_SWO.dll V2.0.18.0
Dialog DLL:      TCM.DLL V1.14.6.0
 
<h2>Project:</h2>
C:\Users\Jota16\Dropbox\Proyecto_actual\BMP280-SPI-STM32F2xx-UART\MDK-ARM\BMP280-SPI-STM32F2xx-UART.uvprojx
Project File Date:  05/27/2018

<h2>Output:</h2>
*** Using Compiler 'V5.06 update 1 (build 61)', folder: 'C:\Keil_v5\ARM\ARMCC\Bin'
Build target 'BMP280-SPI-STM32F2xx-UART'
compiling DriverBMP280_SPI_English.c...
..\Drivers\BMP280\Src\DriverBMP280_SPI_English.c(152): warning:  #167-D: argument of type "uint8_t *" is incompatible with parameter of type "const char *restrict"
  	sscanf(NumberAux, "%02x", &Reg2Read32Aux);
..\Drivers\BMP280\Src\DriverBMP280_SPI_English.c(161): warning:  #167-D: argument of type "uint8_t *" is incompatible with parameter of type "char *restrict"
  	sprintf(ArrayCharInAux, "%02x", CharInAux);
..\Drivers\BMP280\Src\DriverBMP280_SPI_English.c: 3 warnings, 0 errors
  static uint8_t number[4], MatrixTdata[2], MatrixRdata[2], UartTdata[2];
linking...
Program Size: Code=9400 RO-data=580 RW-data=1724 ZI-data=1244  
"BMP280-SPI-STM32F2xx-UART\BMP280-SPI-STM32F2xx-UART.axf" - 0 Error(s), 2 Warning(s).

<h2>Software Packages used:</h2>

Package Vendor: ARM
                http://www.keil.com/pack/ARM.CMSIS.4.5.0.pack
                ARM::CMSIS:CORE:4.3.0
                CMSIS (Cortex Microcontroller Software Interface Standard)
   * Component: CORE Version: 4.3.0

<h2>Collection of Component include folders:</h2>
  C:\Users\Jota16\Dropbox\Proyecto_actual\BMP280-SPI-STM32F2xx-UART\MDK-ARM\RTE
  C:\Keil_v5\ARM\PACK\ARM\CMSIS\4.5.0\CMSIS\Include
  C:\Keil_v5\ARM\PACK\Keil\STM32F2xx_DFP\2.6.0\Drivers\CMSIS\Device\ST\STM32F2xx\Include

<h2>Collection of Component Files used:</h2>

   * Component: ARM::CMSIS:CORE:4.3.0
Build Time Elapsed:  00:00:07
</pre>
</body>
</html>
