Component: ARM Compiler 5.06 update 1 (build 61) Tool: armlink [4d35a8]

==============================================================================

Section Cross References

    startup_stm32f205xx.o(RESET) refers to startup_stm32f205xx.o(STACK) for __initial_sp
    startup_stm32f205xx.o(RESET) refers to startup_stm32f205xx.o(.text) for Reset_Handler
    startup_stm32f205xx.o(RESET) refers to stm32f2xx_it.o(i.NMI_Handler) for NMI_Handler
    startup_stm32f205xx.o(RESET) refers to stm32f2xx_it.o(i.HardFault_Handler) for HardFault_Handler
    startup_stm32f205xx.o(RESET) refers to stm32f2xx_it.o(i.MemManage_Handler) for MemManage_Handler
    startup_stm32f205xx.o(RESET) refers to stm32f2xx_it.o(i.BusFault_Handler) for BusFault_Handler
    startup_stm32f205xx.o(RESET) refers to stm32f2xx_it.o(i.UsageFault_Handler) for UsageFault_Handler
    startup_stm32f205xx.o(RESET) refers to stm32f2xx_it.o(i.SVC_Handler) for SVC_Handler
    startup_stm32f205xx.o(RESET) refers to stm32f2xx_it.o(i.DebugMon_Handler) for DebugMon_Handler
    startup_stm32f205xx.o(RESET) refers to stm32f2xx_it.o(i.PendSV_Handler) for PendSV_Handler
    startup_stm32f205xx.o(RESET) refers to stm32f2xx_it.o(i.SysTick_Handler) for SysTick_Handler
    startup_stm32f205xx.o(RESET) refers to stm32f2xx_it.o(i.TIM2_IRQHandler) for TIM2_IRQHandler
    startup_stm32f205xx.o(RESET) refers to stm32f2xx_it.o(i.USART1_IRQHandler) for USART1_IRQHandler
    startup_stm32f205xx.o(.text) refers to system_stm32f2xx.o(i.SystemInit) for SystemInit
    startup_stm32f205xx.o(.text) refers to entry.o(.ARM.Collect$$$$00000000) for __main
    stm32f2xx_hal_rcc_ex.o(i.HAL_RCCEx_PeriphCLKConfig) refers to stm32f2xx_hal.o(i.HAL_GetTick) for HAL_GetTick
    stm32f2xx_hal_tim.o(i.HAL_TIM_Base_DeInit) refers to stm32f2xx_hal_msp.o(i.HAL_TIM_Base_MspDeInit) for HAL_TIM_Base_MspDeInit
    stm32f2xx_hal_tim.o(i.HAL_TIM_Base_Init) refers to stm32f2xx_hal_msp.o(i.HAL_TIM_Base_MspInit) for HAL_TIM_Base_MspInit
    stm32f2xx_hal_tim.o(i.HAL_TIM_Base_Init) refers to stm32f2xx_hal_tim.o(i.TIM_Base_SetConfig) for TIM_Base_SetConfig
    stm32f2xx_hal_tim.o(i.HAL_TIM_Base_Start_DMA) refers to stm32f2xx_hal_dma.o(i.HAL_DMA_Start_IT) for HAL_DMA_Start_IT
    stm32f2xx_hal_tim.o(i.HAL_TIM_Base_Start_DMA) refers to stm32f2xx_hal_tim.o(i.TIM_DMAPeriodElapsedCplt) for TIM_DMAPeriodElapsedCplt
    stm32f2xx_hal_tim.o(i.HAL_TIM_Base_Start_DMA) refers to stm32f2xx_hal_tim.o(i.TIM_DMAError) for TIM_DMAError
    stm32f2xx_hal_tim.o(i.HAL_TIM_ConfigClockSource) refers to stm32f2xx_hal_tim.o(i.TIM_ETR_SetConfig) for TIM_ETR_SetConfig
    stm32f2xx_hal_tim.o(i.HAL_TIM_ConfigClockSource) refers to stm32f2xx_hal_tim.o(i.TIM_TI1_ConfigInputStage) for TIM_TI1_ConfigInputStage
    stm32f2xx_hal_tim.o(i.HAL_TIM_ConfigClockSource) refers to stm32f2xx_hal_tim.o(i.TIM_TI2_ConfigInputStage) for TIM_TI2_ConfigInputStage
    stm32f2xx_hal_tim.o(i.HAL_TIM_ConfigClockSource) refers to stm32f2xx_hal_tim.o(i.TIM_ITRx_SetConfig) for TIM_ITRx_SetConfig
    stm32f2xx_hal_tim.o(i.HAL_TIM_ConfigOCrefClear) refers to stm32f2xx_hal_tim.o(i.TIM_ETR_SetConfig) for TIM_ETR_SetConfig
    stm32f2xx_hal_tim.o(i.HAL_TIM_DMABurst_ReadStart) refers to stm32f2xx_hal_dma.o(i.HAL_DMA_Start_IT) for HAL_DMA_Start_IT
    stm32f2xx_hal_tim.o(i.HAL_TIM_DMABurst_ReadStart) refers to stm32f2xx_hal_tim.o(i.TIM_DMAError) for TIM_DMAError
    stm32f2xx_hal_tim.o(i.HAL_TIM_DMABurst_ReadStart) refers to stm32f2xx_hal_tim.o(i.TIM_DMACaptureCplt) for TIM_DMACaptureCplt
    stm32f2xx_hal_tim.o(i.HAL_TIM_DMABurst_ReadStart) refers to stm32f2xx_hal_tim.o(i.TIM_DMAPeriodElapsedCplt) for TIM_DMAPeriodElapsedCplt
    stm32f2xx_hal_tim.o(i.HAL_TIM_DMABurst_ReadStart) refers to stm32f2xx_hal_tim_ex.o(i.TIMEx_DMACommutationCplt) for TIMEx_DMACommutationCplt
    stm32f2xx_hal_tim.o(i.HAL_TIM_DMABurst_ReadStart) refers to stm32f2xx_hal_tim.o(i.TIM_DMATriggerCplt) for TIM_DMATriggerCplt
    stm32f2xx_hal_tim.o(i.HAL_TIM_DMABurst_ReadStop) refers to stm32f2xx_hal_dma.o(i.HAL_DMA_Abort) for HAL_DMA_Abort
    stm32f2xx_hal_tim.o(i.HAL_TIM_DMABurst_WriteStart) refers to stm32f2xx_hal_dma.o(i.HAL_DMA_Start_IT) for HAL_DMA_Start_IT
    stm32f2xx_hal_tim.o(i.HAL_TIM_DMABurst_WriteStart) refers to stm32f2xx_hal_tim.o(i.TIM_DMAError) for TIM_DMAError
    stm32f2xx_hal_tim.o(i.HAL_TIM_DMABurst_WriteStart) refers to stm32f2xx_hal_tim.o(i.TIM_DMADelayPulseCplt) for TIM_DMADelayPulseCplt
    stm32f2xx_hal_tim.o(i.HAL_TIM_DMABurst_WriteStart) refers to stm32f2xx_hal_tim.o(i.TIM_DMAPeriodElapsedCplt) for TIM_DMAPeriodElapsedCplt
    stm32f2xx_hal_tim.o(i.HAL_TIM_DMABurst_WriteStart) refers to stm32f2xx_hal_tim_ex.o(i.TIMEx_DMACommutationCplt) for TIMEx_DMACommutationCplt
    stm32f2xx_hal_tim.o(i.HAL_TIM_DMABurst_WriteStart) refers to stm32f2xx_hal_tim.o(i.TIM_DMATriggerCplt) for TIM_DMATriggerCplt
    stm32f2xx_hal_tim.o(i.HAL_TIM_DMABurst_WriteStop) refers to stm32f2xx_hal_dma.o(i.HAL_DMA_Abort) for HAL_DMA_Abort
    stm32f2xx_hal_tim.o(i.HAL_TIM_Encoder_DeInit) refers to stm32f2xx_hal_tim.o(i.HAL_TIM_Encoder_MspDeInit) for HAL_TIM_Encoder_MspDeInit
    stm32f2xx_hal_tim.o(i.HAL_TIM_Encoder_Init) refers to stm32f2xx_hal_tim.o(i.HAL_TIM_Encoder_MspInit) for HAL_TIM_Encoder_MspInit
    stm32f2xx_hal_tim.o(i.HAL_TIM_Encoder_Init) refers to stm32f2xx_hal_tim.o(i.TIM_Base_SetConfig) for TIM_Base_SetConfig
    stm32f2xx_hal_tim.o(i.HAL_TIM_Encoder_Start) refers to stm32f2xx_hal_tim.o(i.TIM_CCxChannelCmd) for TIM_CCxChannelCmd
    stm32f2xx_hal_tim.o(i.HAL_TIM_Encoder_Start_DMA) refers to stm32f2xx_hal_dma.o(i.HAL_DMA_Start_IT) for HAL_DMA_Start_IT
    stm32f2xx_hal_tim.o(i.HAL_TIM_Encoder_Start_DMA) refers to stm32f2xx_hal_tim.o(i.TIM_CCxChannelCmd) for TIM_CCxChannelCmd
    stm32f2xx_hal_tim.o(i.HAL_TIM_Encoder_Start_DMA) refers to stm32f2xx_hal_tim.o(i.TIM_DMACaptureCplt) for TIM_DMACaptureCplt
    stm32f2xx_hal_tim.o(i.HAL_TIM_Encoder_Start_DMA) refers to stm32f2xx_hal_tim.o(i.TIM_DMAError) for TIM_DMAError
    stm32f2xx_hal_tim.o(i.HAL_TIM_Encoder_Start_IT) refers to stm32f2xx_hal_tim.o(i.TIM_CCxChannelCmd) for TIM_CCxChannelCmd
    stm32f2xx_hal_tim.o(i.HAL_TIM_Encoder_Stop) refers to stm32f2xx_hal_tim.o(i.TIM_CCxChannelCmd) for TIM_CCxChannelCmd
    stm32f2xx_hal_tim.o(i.HAL_TIM_Encoder_Stop_DMA) refers to stm32f2xx_hal_tim.o(i.TIM_CCxChannelCmd) for TIM_CCxChannelCmd
    stm32f2xx_hal_tim.o(i.HAL_TIM_Encoder_Stop_IT) refers to stm32f2xx_hal_tim.o(i.TIM_CCxChannelCmd) for TIM_CCxChannelCmd
    stm32f2xx_hal_tim.o(i.HAL_TIM_IC_ConfigChannel) refers to stm32f2xx_hal_tim.o(i.TIM_TI1_SetConfig) for TIM_TI1_SetConfig
    stm32f2xx_hal_tim.o(i.HAL_TIM_IC_ConfigChannel) refers to stm32f2xx_hal_tim.o(i.TIM_TI2_SetConfig) for TIM_TI2_SetConfig
    stm32f2xx_hal_tim.o(i.HAL_TIM_IC_DeInit) refers to stm32f2xx_hal_tim.o(i.HAL_TIM_IC_MspDeInit) for HAL_TIM_IC_MspDeInit
    stm32f2xx_hal_tim.o(i.HAL_TIM_IC_Init) refers to stm32f2xx_hal_tim.o(i.HAL_TIM_IC_MspInit) for HAL_TIM_IC_MspInit
    stm32f2xx_hal_tim.o(i.HAL_TIM_IC_Init) refers to stm32f2xx_hal_tim.o(i.TIM_Base_SetConfig) for TIM_Base_SetConfig
    stm32f2xx_hal_tim.o(i.HAL_TIM_IC_Start) refers to stm32f2xx_hal_tim.o(i.TIM_CCxChannelCmd) for TIM_CCxChannelCmd
    stm32f2xx_hal_tim.o(i.HAL_TIM_IC_Start_DMA) refers to stm32f2xx_hal_dma.o(i.HAL_DMA_Start_IT) for HAL_DMA_Start_IT
    stm32f2xx_hal_tim.o(i.HAL_TIM_IC_Start_DMA) refers to stm32f2xx_hal_tim.o(i.TIM_CCxChannelCmd) for TIM_CCxChannelCmd
    stm32f2xx_hal_tim.o(i.HAL_TIM_IC_Start_DMA) refers to stm32f2xx_hal_tim.o(i.TIM_DMACaptureCplt) for TIM_DMACaptureCplt
    stm32f2xx_hal_tim.o(i.HAL_TIM_IC_Start_DMA) refers to stm32f2xx_hal_tim.o(i.TIM_DMAError) for TIM_DMAError
    stm32f2xx_hal_tim.o(i.HAL_TIM_IC_Start_IT) refers to stm32f2xx_hal_tim.o(i.TIM_CCxChannelCmd) for TIM_CCxChannelCmd
    stm32f2xx_hal_tim.o(i.HAL_TIM_IC_Stop) refers to stm32f2xx_hal_tim.o(i.TIM_CCxChannelCmd) for TIM_CCxChannelCmd
    stm32f2xx_hal_tim.o(i.HAL_TIM_IC_Stop_DMA) refers to stm32f2xx_hal_tim.o(i.TIM_CCxChannelCmd) for TIM_CCxChannelCmd
    stm32f2xx_hal_tim.o(i.HAL_TIM_IC_Stop_IT) refers to stm32f2xx_hal_tim.o(i.TIM_CCxChannelCmd) for TIM_CCxChannelCmd
    stm32f2xx_hal_tim.o(i.HAL_TIM_IRQHandler) refers to stm32f2xx_hal_tim.o(i.HAL_TIM_IC_CaptureCallback) for HAL_TIM_IC_CaptureCallback
    stm32f2xx_hal_tim.o(i.HAL_TIM_IRQHandler) refers to stm32f2xx_hal_tim.o(i.HAL_TIM_OC_DelayElapsedCallback) for HAL_TIM_OC_DelayElapsedCallback
    stm32f2xx_hal_tim.o(i.HAL_TIM_IRQHandler) refers to stm32f2xx_hal_tim.o(i.HAL_TIM_PWM_PulseFinishedCallback) for HAL_TIM_PWM_PulseFinishedCallback
    stm32f2xx_hal_tim.o(i.HAL_TIM_IRQHandler) refers to stm32f2xx_hal_tim.o(i.HAL_TIM_PeriodElapsedCallback) for HAL_TIM_PeriodElapsedCallback
    stm32f2xx_hal_tim.o(i.HAL_TIM_IRQHandler) refers to stm32f2xx_hal_tim_ex.o(i.HAL_TIMEx_BreakCallback) for HAL_TIMEx_BreakCallback
    stm32f2xx_hal_tim.o(i.HAL_TIM_IRQHandler) refers to stm32f2xx_hal_tim.o(i.HAL_TIM_TriggerCallback) for HAL_TIM_TriggerCallback
    stm32f2xx_hal_tim.o(i.HAL_TIM_IRQHandler) refers to stm32f2xx_hal_tim_ex.o(i.HAL_TIMEx_CommutationCallback) for HAL_TIMEx_CommutationCallback
    stm32f2xx_hal_tim.o(i.HAL_TIM_OC_ConfigChannel) refers to stm32f2xx_hal_tim.o(i.TIM_OC1_SetConfig) for TIM_OC1_SetConfig
    stm32f2xx_hal_tim.o(i.HAL_TIM_OC_ConfigChannel) refers to stm32f2xx_hal_tim.o(i.TIM_OC2_SetConfig) for TIM_OC2_SetConfig
    stm32f2xx_hal_tim.o(i.HAL_TIM_OC_ConfigChannel) refers to stm32f2xx_hal_tim.o(i.TIM_OC3_SetConfig) for TIM_OC3_SetConfig
    stm32f2xx_hal_tim.o(i.HAL_TIM_OC_ConfigChannel) refers to stm32f2xx_hal_tim.o(i.TIM_OC4_SetConfig) for TIM_OC4_SetConfig
    stm32f2xx_hal_tim.o(i.HAL_TIM_OC_DeInit) refers to stm32f2xx_hal_tim.o(i.HAL_TIM_OC_MspDeInit) for HAL_TIM_OC_MspDeInit
    stm32f2xx_hal_tim.o(i.HAL_TIM_OC_Init) refers to stm32f2xx_hal_tim.o(i.HAL_TIM_OC_MspInit) for HAL_TIM_OC_MspInit
    stm32f2xx_hal_tim.o(i.HAL_TIM_OC_Init) refers to stm32f2xx_hal_tim.o(i.TIM_Base_SetConfig) for TIM_Base_SetConfig
    stm32f2xx_hal_tim.o(i.HAL_TIM_OC_Start) refers to stm32f2xx_hal_tim.o(i.TIM_CCxChannelCmd) for TIM_CCxChannelCmd
    stm32f2xx_hal_tim.o(i.HAL_TIM_OC_Start_DMA) refers to stm32f2xx_hal_dma.o(i.HAL_DMA_Start_IT) for HAL_DMA_Start_IT
    stm32f2xx_hal_tim.o(i.HAL_TIM_OC_Start_DMA) refers to stm32f2xx_hal_tim.o(i.TIM_CCxChannelCmd) for TIM_CCxChannelCmd
    stm32f2xx_hal_tim.o(i.HAL_TIM_OC_Start_DMA) refers to stm32f2xx_hal_tim.o(i.TIM_DMADelayPulseCplt) for TIM_DMADelayPulseCplt
    stm32f2xx_hal_tim.o(i.HAL_TIM_OC_Start_DMA) refers to stm32f2xx_hal_tim.o(i.TIM_DMAError) for TIM_DMAError
    stm32f2xx_hal_tim.o(i.HAL_TIM_OC_Start_IT) refers to stm32f2xx_hal_tim.o(i.TIM_CCxChannelCmd) for TIM_CCxChannelCmd
    stm32f2xx_hal_tim.o(i.HAL_TIM_OC_Stop) refers to stm32f2xx_hal_tim.o(i.TIM_CCxChannelCmd) for TIM_CCxChannelCmd
    stm32f2xx_hal_tim.o(i.HAL_TIM_OC_Stop_DMA) refers to stm32f2xx_hal_tim.o(i.TIM_CCxChannelCmd) for TIM_CCxChannelCmd
    stm32f2xx_hal_tim.o(i.HAL_TIM_OC_Stop_IT) refers to stm32f2xx_hal_tim.o(i.TIM_CCxChannelCmd) for TIM_CCxChannelCmd
    stm32f2xx_hal_tim.o(i.HAL_TIM_OnePulse_ConfigChannel) refers to stm32f2xx_hal_tim.o(i.TIM_OC1_SetConfig) for TIM_OC1_SetConfig
    stm32f2xx_hal_tim.o(i.HAL_TIM_OnePulse_ConfigChannel) refers to stm32f2xx_hal_tim.o(i.TIM_OC2_SetConfig) for TIM_OC2_SetConfig
    stm32f2xx_hal_tim.o(i.HAL_TIM_OnePulse_ConfigChannel) refers to stm32f2xx_hal_tim.o(i.TIM_TI1_SetConfig) for TIM_TI1_SetConfig
    stm32f2xx_hal_tim.o(i.HAL_TIM_OnePulse_ConfigChannel) refers to stm32f2xx_hal_tim.o(i.TIM_TI2_SetConfig) for TIM_TI2_SetConfig
    stm32f2xx_hal_tim.o(i.HAL_TIM_OnePulse_DeInit) refers to stm32f2xx_hal_tim.o(i.HAL_TIM_OnePulse_MspDeInit) for HAL_TIM_OnePulse_MspDeInit
    stm32f2xx_hal_tim.o(i.HAL_TIM_OnePulse_Init) refers to stm32f2xx_hal_tim.o(i.HAL_TIM_OnePulse_MspInit) for HAL_TIM_OnePulse_MspInit
    stm32f2xx_hal_tim.o(i.HAL_TIM_OnePulse_Init) refers to stm32f2xx_hal_tim.o(i.TIM_Base_SetConfig) for TIM_Base_SetConfig
    stm32f2xx_hal_tim.o(i.HAL_TIM_OnePulse_Start) refers to stm32f2xx_hal_tim.o(i.TIM_CCxChannelCmd) for TIM_CCxChannelCmd
    stm32f2xx_hal_tim.o(i.HAL_TIM_OnePulse_Start_IT) refers to stm32f2xx_hal_tim.o(i.TIM_CCxChannelCmd) for TIM_CCxChannelCmd
    stm32f2xx_hal_tim.o(i.HAL_TIM_OnePulse_Stop) refers to stm32f2xx_hal_tim.o(i.TIM_CCxChannelCmd) for TIM_CCxChannelCmd
    stm32f2xx_hal_tim.o(i.HAL_TIM_OnePulse_Stop_IT) refers to stm32f2xx_hal_tim.o(i.TIM_CCxChannelCmd) for TIM_CCxChannelCmd
    stm32f2xx_hal_tim.o(i.HAL_TIM_PWM_ConfigChannel) refers to stm32f2xx_hal_tim.o(i.TIM_OC1_SetConfig) for TIM_OC1_SetConfig
    stm32f2xx_hal_tim.o(i.HAL_TIM_PWM_ConfigChannel) refers to stm32f2xx_hal_tim.o(i.TIM_OC2_SetConfig) for TIM_OC2_SetConfig
    stm32f2xx_hal_tim.o(i.HAL_TIM_PWM_ConfigChannel) refers to stm32f2xx_hal_tim.o(i.TIM_OC3_SetConfig) for TIM_OC3_SetConfig
    stm32f2xx_hal_tim.o(i.HAL_TIM_PWM_ConfigChannel) refers to stm32f2xx_hal_tim.o(i.TIM_OC4_SetConfig) for TIM_OC4_SetConfig
    stm32f2xx_hal_tim.o(i.HAL_TIM_PWM_DeInit) refers to stm32f2xx_hal_tim.o(i.HAL_TIM_PWM_MspDeInit) for HAL_TIM_PWM_MspDeInit
    stm32f2xx_hal_tim.o(i.HAL_TIM_PWM_Init) refers to stm32f2xx_hal_tim.o(i.HAL_TIM_PWM_MspInit) for HAL_TIM_PWM_MspInit
    stm32f2xx_hal_tim.o(i.HAL_TIM_PWM_Init) refers to stm32f2xx_hal_tim.o(i.TIM_Base_SetConfig) for TIM_Base_SetConfig
    stm32f2xx_hal_tim.o(i.HAL_TIM_PWM_Start) refers to stm32f2xx_hal_tim.o(i.TIM_CCxChannelCmd) for TIM_CCxChannelCmd
    stm32f2xx_hal_tim.o(i.HAL_TIM_PWM_Start_DMA) refers to stm32f2xx_hal_dma.o(i.HAL_DMA_Start_IT) for HAL_DMA_Start_IT
    stm32f2xx_hal_tim.o(i.HAL_TIM_PWM_Start_DMA) refers to stm32f2xx_hal_tim.o(i.TIM_CCxChannelCmd) for TIM_CCxChannelCmd
    stm32f2xx_hal_tim.o(i.HAL_TIM_PWM_Start_DMA) refers to stm32f2xx_hal_tim.o(i.TIM_DMADelayPulseCplt) for TIM_DMADelayPulseCplt
    stm32f2xx_hal_tim.o(i.HAL_TIM_PWM_Start_DMA) refers to stm32f2xx_hal_tim.o(i.TIM_DMAError) for TIM_DMAError
    stm32f2xx_hal_tim.o(i.HAL_TIM_PWM_Start_IT) refers to stm32f2xx_hal_tim.o(i.TIM_CCxChannelCmd) for TIM_CCxChannelCmd
    stm32f2xx_hal_tim.o(i.HAL_TIM_PWM_Stop) refers to stm32f2xx_hal_tim.o(i.TIM_CCxChannelCmd) for TIM_CCxChannelCmd
    stm32f2xx_hal_tim.o(i.HAL_TIM_PWM_Stop_DMA) refers to stm32f2xx_hal_tim.o(i.TIM_CCxChannelCmd) for TIM_CCxChannelCmd
    stm32f2xx_hal_tim.o(i.HAL_TIM_PWM_Stop_IT) refers to stm32f2xx_hal_tim.o(i.TIM_CCxChannelCmd) for TIM_CCxChannelCmd
    stm32f2xx_hal_tim.o(i.HAL_TIM_SlaveConfigSynchronization) refers to stm32f2xx_hal_tim.o(i.TIM_SlaveTimer_SetConfig) for TIM_SlaveTimer_SetConfig
    stm32f2xx_hal_tim.o(i.HAL_TIM_SlaveConfigSynchronization_IT) refers to stm32f2xx_hal_tim.o(i.TIM_SlaveTimer_SetConfig) for TIM_SlaveTimer_SetConfig
    stm32f2xx_hal_tim.o(i.TIM_DMACaptureCplt) refers to stm32f2xx_hal_tim.o(i.HAL_TIM_IC_CaptureCallback) for HAL_TIM_IC_CaptureCallback
    stm32f2xx_hal_tim.o(i.TIM_DMADelayPulseCplt) refers to stm32f2xx_hal_tim.o(i.HAL_TIM_PWM_PulseFinishedCallback) for HAL_TIM_PWM_PulseFinishedCallback
    stm32f2xx_hal_tim.o(i.TIM_DMAError) refers to stm32f2xx_hal_tim.o(i.HAL_TIM_ErrorCallback) for HAL_TIM_ErrorCallback
    stm32f2xx_hal_tim.o(i.TIM_DMAPeriodElapsedCplt) refers to stm32f2xx_hal_tim.o(i.HAL_TIM_PeriodElapsedCallback) for HAL_TIM_PeriodElapsedCallback
    stm32f2xx_hal_tim.o(i.TIM_DMATriggerCplt) refers to stm32f2xx_hal_tim.o(i.HAL_TIM_TriggerCallback) for HAL_TIM_TriggerCallback
    stm32f2xx_hal_tim.o(i.TIM_SlaveTimer_SetConfig) refers to stm32f2xx_hal_tim.o(i.TIM_ETR_SetConfig) for TIM_ETR_SetConfig
    stm32f2xx_hal_tim.o(i.TIM_SlaveTimer_SetConfig) refers to stm32f2xx_hal_tim.o(i.TIM_TI1_ConfigInputStage) for TIM_TI1_ConfigInputStage
    stm32f2xx_hal_tim.o(i.TIM_SlaveTimer_SetConfig) refers to stm32f2xx_hal_tim.o(i.TIM_TI2_ConfigInputStage) for TIM_TI2_ConfigInputStage
    stm32f2xx_hal_pwr.o(i.HAL_PWR_PVD_IRQHandler) refers to stm32f2xx_hal_pwr.o(i.HAL_PWR_PVDCallback) for HAL_PWR_PVDCallback
    stm32f2xx_hal_flash_ex.o(i.HAL_FLASHEx_Erase) refers to stm32f2xx_hal_flash.o(i.FLASH_WaitForLastOperation) for FLASH_WaitForLastOperation
    stm32f2xx_hal_flash_ex.o(i.HAL_FLASHEx_Erase) refers to stm32f2xx_hal_flash_ex.o(i.FLASH_MassErase) for FLASH_MassErase
    stm32f2xx_hal_flash_ex.o(i.HAL_FLASHEx_Erase) refers to stm32f2xx_hal_flash_ex.o(i.FLASH_Erase_Sector) for FLASH_Erase_Sector
    stm32f2xx_hal_flash_ex.o(i.HAL_FLASHEx_Erase) refers to stm32f2xx_hal_flash_ex.o(i.FLASH_FlushCaches) for FLASH_FlushCaches
    stm32f2xx_hal_flash_ex.o(i.HAL_FLASHEx_Erase) refers to stm32f2xx_hal_flash.o(.bss) for pFlash
    stm32f2xx_hal_flash_ex.o(i.HAL_FLASHEx_Erase_IT) refers to stm32f2xx_hal_flash_ex.o(i.FLASH_Erase_Sector) for FLASH_Erase_Sector
    stm32f2xx_hal_flash_ex.o(i.HAL_FLASHEx_Erase_IT) refers to stm32f2xx_hal_flash_ex.o(i.FLASH_MassErase) for FLASH_MassErase
    stm32f2xx_hal_flash_ex.o(i.HAL_FLASHEx_Erase_IT) refers to stm32f2xx_hal_flash.o(.bss) for pFlash
    stm32f2xx_hal_flash_ex.o(i.HAL_FLASHEx_OBProgram) refers to stm32f2xx_hal_flash.o(i.FLASH_WaitForLastOperation) for FLASH_WaitForLastOperation
    stm32f2xx_hal_flash_ex.o(i.HAL_FLASHEx_OBProgram) refers to stm32f2xx_hal_flash.o(.bss) for pFlash
    stm32f2xx_hal_tim_ex.o(i.HAL_TIMEx_ConfigCommutationEvent_DMA) refers to stm32f2xx_hal_tim_ex.o(i.TIMEx_DMACommutationCplt) for TIMEx_DMACommutationCplt
    stm32f2xx_hal_tim_ex.o(i.HAL_TIMEx_ConfigCommutationEvent_DMA) refers to stm32f2xx_hal_tim.o(i.TIM_DMAError) for TIM_DMAError
    stm32f2xx_hal_tim_ex.o(i.HAL_TIMEx_HallSensor_DeInit) refers to stm32f2xx_hal_tim_ex.o(i.HAL_TIMEx_HallSensor_MspDeInit) for HAL_TIMEx_HallSensor_MspDeInit
    stm32f2xx_hal_tim_ex.o(i.HAL_TIMEx_HallSensor_Init) refers to stm32f2xx_hal_tim_ex.o(i.HAL_TIMEx_HallSensor_MspInit) for HAL_TIMEx_HallSensor_MspInit
    stm32f2xx_hal_tim_ex.o(i.HAL_TIMEx_HallSensor_Init) refers to stm32f2xx_hal_tim.o(i.TIM_Base_SetConfig) for TIM_Base_SetConfig
    stm32f2xx_hal_tim_ex.o(i.HAL_TIMEx_HallSensor_Init) refers to stm32f2xx_hal_tim.o(i.TIM_TI1_SetConfig) for TIM_TI1_SetConfig
    stm32f2xx_hal_tim_ex.o(i.HAL_TIMEx_HallSensor_Init) refers to stm32f2xx_hal_tim.o(i.TIM_OC2_SetConfig) for TIM_OC2_SetConfig
    stm32f2xx_hal_tim_ex.o(i.HAL_TIMEx_HallSensor_Start) refers to stm32f2xx_hal_tim.o(i.TIM_CCxChannelCmd) for TIM_CCxChannelCmd
    stm32f2xx_hal_tim_ex.o(i.HAL_TIMEx_HallSensor_Start_DMA) refers to stm32f2xx_hal_tim.o(i.TIM_CCxChannelCmd) for TIM_CCxChannelCmd
    stm32f2xx_hal_tim_ex.o(i.HAL_TIMEx_HallSensor_Start_DMA) refers to stm32f2xx_hal_dma.o(i.HAL_DMA_Start_IT) for HAL_DMA_Start_IT
    stm32f2xx_hal_tim_ex.o(i.HAL_TIMEx_HallSensor_Start_DMA) refers to stm32f2xx_hal_tim.o(i.TIM_DMACaptureCplt) for TIM_DMACaptureCplt
    stm32f2xx_hal_tim_ex.o(i.HAL_TIMEx_HallSensor_Start_DMA) refers to stm32f2xx_hal_tim.o(i.TIM_DMAError) for TIM_DMAError
    stm32f2xx_hal_tim_ex.o(i.HAL_TIMEx_HallSensor_Start_IT) refers to stm32f2xx_hal_tim.o(i.TIM_CCxChannelCmd) for TIM_CCxChannelCmd
    stm32f2xx_hal_tim_ex.o(i.HAL_TIMEx_HallSensor_Stop) refers to stm32f2xx_hal_tim.o(i.TIM_CCxChannelCmd) for TIM_CCxChannelCmd
    stm32f2xx_hal_tim_ex.o(i.HAL_TIMEx_HallSensor_Stop_DMA) refers to stm32f2xx_hal_tim.o(i.TIM_CCxChannelCmd) for TIM_CCxChannelCmd
    stm32f2xx_hal_tim_ex.o(i.HAL_TIMEx_HallSensor_Stop_IT) refers to stm32f2xx_hal_tim.o(i.TIM_CCxChannelCmd) for TIM_CCxChannelCmd
    stm32f2xx_hal_tim_ex.o(i.HAL_TIMEx_OCN_Start) refers to stm32f2xx_hal_tim_ex.o(i.TIM_CCxNChannelCmd) for TIM_CCxNChannelCmd
    stm32f2xx_hal_tim_ex.o(i.HAL_TIMEx_OCN_Start_DMA) refers to stm32f2xx_hal_dma.o(i.HAL_DMA_Start_IT) for HAL_DMA_Start_IT
    stm32f2xx_hal_tim_ex.o(i.HAL_TIMEx_OCN_Start_DMA) refers to stm32f2xx_hal_tim_ex.o(i.TIM_CCxNChannelCmd) for TIM_CCxNChannelCmd
    stm32f2xx_hal_tim_ex.o(i.HAL_TIMEx_OCN_Start_DMA) refers to stm32f2xx_hal_tim.o(i.TIM_DMADelayPulseCplt) for TIM_DMADelayPulseCplt
    stm32f2xx_hal_tim_ex.o(i.HAL_TIMEx_OCN_Start_DMA) refers to stm32f2xx_hal_tim.o(i.TIM_DMAError) for TIM_DMAError
    stm32f2xx_hal_tim_ex.o(i.HAL_TIMEx_OCN_Start_IT) refers to stm32f2xx_hal_tim_ex.o(i.TIM_CCxNChannelCmd) for TIM_CCxNChannelCmd
    stm32f2xx_hal_tim_ex.o(i.HAL_TIMEx_OCN_Stop) refers to stm32f2xx_hal_tim_ex.o(i.TIM_CCxNChannelCmd) for TIM_CCxNChannelCmd
    stm32f2xx_hal_tim_ex.o(i.HAL_TIMEx_OCN_Stop_DMA) refers to stm32f2xx_hal_tim_ex.o(i.TIM_CCxNChannelCmd) for TIM_CCxNChannelCmd
    stm32f2xx_hal_tim_ex.o(i.HAL_TIMEx_OCN_Stop_IT) refers to stm32f2xx_hal_tim_ex.o(i.TIM_CCxNChannelCmd) for TIM_CCxNChannelCmd
    stm32f2xx_hal_tim_ex.o(i.HAL_TIMEx_OnePulseN_Start) refers to stm32f2xx_hal_tim_ex.o(i.TIM_CCxNChannelCmd) for TIM_CCxNChannelCmd
    stm32f2xx_hal_tim_ex.o(i.HAL_TIMEx_OnePulseN_Start_IT) refers to stm32f2xx_hal_tim_ex.o(i.TIM_CCxNChannelCmd) for TIM_CCxNChannelCmd
    stm32f2xx_hal_tim_ex.o(i.HAL_TIMEx_OnePulseN_Stop) refers to stm32f2xx_hal_tim_ex.o(i.TIM_CCxNChannelCmd) for TIM_CCxNChannelCmd
    stm32f2xx_hal_tim_ex.o(i.HAL_TIMEx_OnePulseN_Stop_IT) refers to stm32f2xx_hal_tim_ex.o(i.TIM_CCxNChannelCmd) for TIM_CCxNChannelCmd
    stm32f2xx_hal_tim_ex.o(i.HAL_TIMEx_PWMN_Start) refers to stm32f2xx_hal_tim_ex.o(i.TIM_CCxNChannelCmd) for TIM_CCxNChannelCmd
    stm32f2xx_hal_tim_ex.o(i.HAL_TIMEx_PWMN_Start_DMA) refers to stm32f2xx_hal_dma.o(i.HAL_DMA_Start_IT) for HAL_DMA_Start_IT
    stm32f2xx_hal_tim_ex.o(i.HAL_TIMEx_PWMN_Start_DMA) refers to stm32f2xx_hal_tim_ex.o(i.TIM_CCxNChannelCmd) for TIM_CCxNChannelCmd
    stm32f2xx_hal_tim_ex.o(i.HAL_TIMEx_PWMN_Start_DMA) refers to stm32f2xx_hal_tim.o(i.TIM_DMADelayPulseCplt) for TIM_DMADelayPulseCplt
    stm32f2xx_hal_tim_ex.o(i.HAL_TIMEx_PWMN_Start_DMA) refers to stm32f2xx_hal_tim.o(i.TIM_DMAError) for TIM_DMAError
    stm32f2xx_hal_tim_ex.o(i.HAL_TIMEx_PWMN_Start_IT) refers to stm32f2xx_hal_tim_ex.o(i.TIM_CCxNChannelCmd) for TIM_CCxNChannelCmd
    stm32f2xx_hal_tim_ex.o(i.HAL_TIMEx_PWMN_Stop) refers to stm32f2xx_hal_tim_ex.o(i.TIM_CCxNChannelCmd) for TIM_CCxNChannelCmd
    stm32f2xx_hal_tim_ex.o(i.HAL_TIMEx_PWMN_Stop_DMA) refers to stm32f2xx_hal_tim_ex.o(i.TIM_CCxNChannelCmd) for TIM_CCxNChannelCmd
    stm32f2xx_hal_tim_ex.o(i.HAL_TIMEx_PWMN_Stop_IT) refers to stm32f2xx_hal_tim_ex.o(i.TIM_CCxNChannelCmd) for TIM_CCxNChannelCmd
    stm32f2xx_hal_tim_ex.o(i.TIMEx_DMACommutationCplt) refers to stm32f2xx_hal_tim_ex.o(i.HAL_TIMEx_CommutationCallback) for HAL_TIMEx_CommutationCallback
    stm32f2xx_hal_gpio.o(i.HAL_GPIO_EXTI_IRQHandler) refers to stm32f2xx_hal_gpio.o(i.HAL_GPIO_EXTI_Callback) for HAL_GPIO_EXTI_Callback
    stm32f2xx_hal_dma_ex.o(i.HAL_DMAEx_MultiBufferStart) refers to stm32f2xx_hal_dma_ex.o(i.DMA_MultiBufferSetConfig) for DMA_MultiBufferSetConfig
    stm32f2xx_hal_dma_ex.o(i.HAL_DMAEx_MultiBufferStart_IT) refers to stm32f2xx_hal_dma_ex.o(i.DMA_MultiBufferSetConfig) for DMA_MultiBufferSetConfig
    stm32f2xx_hal_rcc.o(i.HAL_RCC_ClockConfig) refers to stm32f2xx_hal.o(i.HAL_GetTick) for HAL_GetTick
    stm32f2xx_hal_rcc.o(i.HAL_RCC_ClockConfig) refers to stm32f2xx_hal_rcc.o(i.HAL_RCC_GetSysClockFreq) for HAL_RCC_GetSysClockFreq
    stm32f2xx_hal_rcc.o(i.HAL_RCC_ClockConfig) refers to stm32f2xx_hal.o(i.HAL_InitTick) for HAL_InitTick
    stm32f2xx_hal_rcc.o(i.HAL_RCC_ClockConfig) refers to system_stm32f2xx.o(.constdata) for AHBPrescTable
    stm32f2xx_hal_rcc.o(i.HAL_RCC_ClockConfig) refers to system_stm32f2xx.o(.data) for SystemCoreClock
    stm32f2xx_hal_rcc.o(i.HAL_RCC_DeInit) refers to stm32f2xx_hal.o(i.HAL_GetTick) for HAL_GetTick
    stm32f2xx_hal_rcc.o(i.HAL_RCC_DeInit) refers to stm32f2xx_hal.o(i.HAL_InitTick) for HAL_InitTick
    stm32f2xx_hal_rcc.o(i.HAL_RCC_DeInit) refers to system_stm32f2xx.o(.data) for SystemCoreClock
    stm32f2xx_hal_rcc.o(i.HAL_RCC_GetHCLKFreq) refers to system_stm32f2xx.o(.data) for SystemCoreClock
    stm32f2xx_hal_rcc.o(i.HAL_RCC_GetPCLK1Freq) refers to system_stm32f2xx.o(.data) for SystemCoreClock
    stm32f2xx_hal_rcc.o(i.HAL_RCC_GetPCLK1Freq) refers to system_stm32f2xx.o(.constdata) for APBPrescTable
    stm32f2xx_hal_rcc.o(i.HAL_RCC_GetPCLK2Freq) refers to system_stm32f2xx.o(.data) for SystemCoreClock
    stm32f2xx_hal_rcc.o(i.HAL_RCC_GetPCLK2Freq) refers to system_stm32f2xx.o(.constdata) for APBPrescTable
    stm32f2xx_hal_rcc.o(i.HAL_RCC_GetSysClockFreq) refers to uldiv.o(.text) for __aeabi_uldivmod
    stm32f2xx_hal_rcc.o(i.HAL_RCC_MCOConfig) refers to stm32f2xx_hal_gpio.o(i.HAL_GPIO_Init) for HAL_GPIO_Init
    stm32f2xx_hal_rcc.o(i.HAL_RCC_NMI_IRQHandler) refers to stm32f2xx_hal_rcc.o(i.HAL_RCC_CSSCallback) for HAL_RCC_CSSCallback
    stm32f2xx_hal_rcc.o(i.HAL_RCC_OscConfig) refers to stm32f2xx_hal.o(i.HAL_GetTick) for HAL_GetTick
    stm32f2xx_hal.o(i.HAL_DeInit) refers to stm32f2xx_hal.o(i.HAL_MspDeInit) for HAL_MspDeInit
    stm32f2xx_hal.o(i.HAL_Delay) refers to stm32f2xx_hal.o(i.HAL_GetTick) for HAL_GetTick
    stm32f2xx_hal.o(i.HAL_GetTick) refers to stm32f2xx_hal.o(.data) for .data
    stm32f2xx_hal.o(i.HAL_IncTick) refers to stm32f2xx_hal.o(.data) for .data
    stm32f2xx_hal.o(i.HAL_Init) refers to stm32f2xx_hal_cortex.o(i.HAL_NVIC_SetPriorityGrouping) for HAL_NVIC_SetPriorityGrouping
    stm32f2xx_hal.o(i.HAL_Init) refers to stm32f2xx_hal.o(i.HAL_InitTick) for HAL_InitTick
    stm32f2xx_hal.o(i.HAL_Init) refers to stm32f2xx_hal_msp.o(i.HAL_MspInit) for HAL_MspInit
    stm32f2xx_hal.o(i.HAL_InitTick) refers to stm32f2xx_hal_cortex.o(i.HAL_SYSTICK_Config) for HAL_SYSTICK_Config
    stm32f2xx_hal.o(i.HAL_InitTick) refers to stm32f2xx_hal_cortex.o(i.HAL_NVIC_SetPriority) for HAL_NVIC_SetPriority
    stm32f2xx_hal.o(i.HAL_InitTick) refers to system_stm32f2xx.o(.data) for SystemCoreClock
    stm32f2xx_hal_cortex.o(i.HAL_NVIC_SetPriority) refers to stm32f2xx_hal_cortex.o(i.NVIC_SetPriority) for NVIC_SetPriority
    stm32f2xx_hal_cortex.o(i.HAL_SYSTICK_Config) refers to stm32f2xx_hal_cortex.o(i.NVIC_SetPriority) for NVIC_SetPriority
    stm32f2xx_hal_cortex.o(i.HAL_SYSTICK_IRQHandler) refers to stm32f2xx_hal_cortex.o(i.HAL_SYSTICK_Callback) for HAL_SYSTICK_Callback
    stm32f2xx_hal_spi.o(i.HAL_SPI_DMAStop) refers to stm32f2xx_hal_dma.o(i.HAL_DMA_Abort) for HAL_DMA_Abort
    stm32f2xx_hal_spi.o(i.HAL_SPI_DeInit) refers to stm32f2xx_hal_msp.o(i.HAL_SPI_MspDeInit) for HAL_SPI_MspDeInit
    stm32f2xx_hal_spi.o(i.HAL_SPI_IRQHandler) refers to stm32f2xx_hal_dma.o(i.HAL_DMA_Abort_IT) for HAL_DMA_Abort_IT
    stm32f2xx_hal_spi.o(i.HAL_SPI_IRQHandler) refers to stm32f2xx_hal_spi.o(i.HAL_SPI_ErrorCallback) for HAL_SPI_ErrorCallback
    stm32f2xx_hal_spi.o(i.HAL_SPI_IRQHandler) refers to stm32f2xx_hal_spi.o(i.SPI_DMAAbortOnError) for SPI_DMAAbortOnError
    stm32f2xx_hal_spi.o(i.HAL_SPI_Init) refers to stm32f2xx_hal_msp.o(i.HAL_SPI_MspInit) for HAL_SPI_MspInit
    stm32f2xx_hal_spi.o(i.HAL_SPI_Receive) refers to stm32f2xx_hal.o(i.HAL_GetTick) for HAL_GetTick
    stm32f2xx_hal_spi.o(i.HAL_SPI_Receive) refers to stm32f2xx_hal_spi.o(i.HAL_SPI_TransmitReceive) for HAL_SPI_TransmitReceive
    stm32f2xx_hal_spi.o(i.HAL_SPI_Receive_DMA) refers to stm32f2xx_hal_spi.o(i.HAL_SPI_TransmitReceive_DMA) for HAL_SPI_TransmitReceive_DMA
    stm32f2xx_hal_spi.o(i.HAL_SPI_Receive_DMA) refers to stm32f2xx_hal_dma.o(i.HAL_DMA_Start_IT) for HAL_DMA_Start_IT
    stm32f2xx_hal_spi.o(i.HAL_SPI_Receive_DMA) refers to stm32f2xx_hal_spi.o(i.SPI_DMAHalfReceiveCplt) for SPI_DMAHalfReceiveCplt
    stm32f2xx_hal_spi.o(i.HAL_SPI_Receive_DMA) refers to stm32f2xx_hal_spi.o(i.SPI_DMAReceiveCplt) for SPI_DMAReceiveCplt
    stm32f2xx_hal_spi.o(i.HAL_SPI_Receive_DMA) refers to stm32f2xx_hal_spi.o(i.SPI_DMAError) for SPI_DMAError
    stm32f2xx_hal_spi.o(i.HAL_SPI_Receive_IT) refers to stm32f2xx_hal_spi.o(i.HAL_SPI_TransmitReceive_IT) for HAL_SPI_TransmitReceive_IT
    stm32f2xx_hal_spi.o(i.HAL_SPI_Receive_IT) refers to stm32f2xx_hal_spi.o(i.SPI_RxISR_16BIT) for SPI_RxISR_16BIT
    stm32f2xx_hal_spi.o(i.HAL_SPI_Receive_IT) refers to stm32f2xx_hal_spi.o(i.SPI_RxISR_8BIT) for SPI_RxISR_8BIT
    stm32f2xx_hal_spi.o(i.HAL_SPI_Transmit) refers to stm32f2xx_hal.o(i.HAL_GetTick) for HAL_GetTick
    stm32f2xx_hal_spi.o(i.HAL_SPI_Transmit) refers to stm32f2xx_hal_spi.o(i.SPI_WaitFlagStateUntilTimeout) for SPI_WaitFlagStateUntilTimeout
    stm32f2xx_hal_spi.o(i.HAL_SPI_Transmit) refers to stm32f2xx_hal_spi.o(i.SPI_CheckFlag_BSY) for SPI_CheckFlag_BSY
    stm32f2xx_hal_spi.o(i.HAL_SPI_TransmitReceive) refers to stm32f2xx_hal.o(i.HAL_GetTick) for HAL_GetTick
    stm32f2xx_hal_spi.o(i.HAL_SPI_TransmitReceive) refers to stm32f2xx_hal_spi.o(i.SPI_WaitFlagStateUntilTimeout) for SPI_WaitFlagStateUntilTimeout
    stm32f2xx_hal_spi.o(i.HAL_SPI_TransmitReceive) refers to stm32f2xx_hal_spi.o(i.SPI_CheckFlag_BSY) for SPI_CheckFlag_BSY
    stm32f2xx_hal_spi.o(i.HAL_SPI_TransmitReceive_DMA) refers to stm32f2xx_hal_dma.o(i.HAL_DMA_Start_IT) for HAL_DMA_Start_IT
    stm32f2xx_hal_spi.o(i.HAL_SPI_TransmitReceive_DMA) refers to stm32f2xx_hal_spi.o(i.SPI_DMAHalfTransmitReceiveCplt) for SPI_DMAHalfTransmitReceiveCplt
    stm32f2xx_hal_spi.o(i.HAL_SPI_TransmitReceive_DMA) refers to stm32f2xx_hal_spi.o(i.SPI_DMATransmitReceiveCplt) for SPI_DMATransmitReceiveCplt
    stm32f2xx_hal_spi.o(i.HAL_SPI_TransmitReceive_DMA) refers to stm32f2xx_hal_spi.o(i.SPI_DMAError) for SPI_DMAError
    stm32f2xx_hal_spi.o(i.HAL_SPI_TransmitReceive_DMA) refers to stm32f2xx_hal_spi.o(i.SPI_DMAHalfReceiveCplt) for SPI_DMAHalfReceiveCplt
    stm32f2xx_hal_spi.o(i.HAL_SPI_TransmitReceive_DMA) refers to stm32f2xx_hal_spi.o(i.SPI_DMAReceiveCplt) for SPI_DMAReceiveCplt
    stm32f2xx_hal_spi.o(i.HAL_SPI_TransmitReceive_IT) refers to stm32f2xx_hal_spi.o(i.SPI_2linesRxISR_16BIT) for SPI_2linesRxISR_16BIT
    stm32f2xx_hal_spi.o(i.HAL_SPI_TransmitReceive_IT) refers to stm32f2xx_hal_spi.o(i.SPI_2linesTxISR_16BIT) for SPI_2linesTxISR_16BIT
    stm32f2xx_hal_spi.o(i.HAL_SPI_TransmitReceive_IT) refers to stm32f2xx_hal_spi.o(i.SPI_2linesRxISR_8BIT) for SPI_2linesRxISR_8BIT
    stm32f2xx_hal_spi.o(i.HAL_SPI_TransmitReceive_IT) refers to stm32f2xx_hal_spi.o(i.SPI_2linesTxISR_8BIT) for SPI_2linesTxISR_8BIT
    stm32f2xx_hal_spi.o(i.HAL_SPI_Transmit_DMA) refers to stm32f2xx_hal_dma.o(i.HAL_DMA_Start_IT) for HAL_DMA_Start_IT
    stm32f2xx_hal_spi.o(i.HAL_SPI_Transmit_DMA) refers to stm32f2xx_hal_spi.o(i.SPI_DMAHalfTransmitCplt) for SPI_DMAHalfTransmitCplt
    stm32f2xx_hal_spi.o(i.HAL_SPI_Transmit_DMA) refers to stm32f2xx_hal_spi.o(i.SPI_DMATransmitCplt) for SPI_DMATransmitCplt
    stm32f2xx_hal_spi.o(i.HAL_SPI_Transmit_DMA) refers to stm32f2xx_hal_spi.o(i.SPI_DMAError) for SPI_DMAError
    stm32f2xx_hal_spi.o(i.HAL_SPI_Transmit_IT) refers to stm32f2xx_hal_spi.o(i.SPI_TxISR_16BIT) for SPI_TxISR_16BIT
    stm32f2xx_hal_spi.o(i.HAL_SPI_Transmit_IT) refers to stm32f2xx_hal_spi.o(i.SPI_TxISR_8BIT) for SPI_TxISR_8BIT
    stm32f2xx_hal_spi.o(i.SPI_2linesRxISR_16BIT) refers to stm32f2xx_hal_spi.o(i.SPI_CloseRxTx_ISR) for SPI_CloseRxTx_ISR
    stm32f2xx_hal_spi.o(i.SPI_2linesRxISR_8BIT) refers to stm32f2xx_hal_spi.o(i.SPI_CloseRxTx_ISR) for SPI_CloseRxTx_ISR
    stm32f2xx_hal_spi.o(i.SPI_2linesTxISR_16BIT) refers to stm32f2xx_hal_spi.o(i.SPI_CloseRxTx_ISR) for SPI_CloseRxTx_ISR
    stm32f2xx_hal_spi.o(i.SPI_2linesTxISR_8BIT) refers to stm32f2xx_hal_spi.o(i.SPI_CloseRxTx_ISR) for SPI_CloseRxTx_ISR
    stm32f2xx_hal_spi.o(i.SPI_CheckFlag_BSY) refers to stm32f2xx_hal_spi.o(i.SPI_WaitFlagStateUntilTimeout) for SPI_WaitFlagStateUntilTimeout
    stm32f2xx_hal_spi.o(i.SPI_CloseRxTx_ISR) refers to stm32f2xx_hal.o(i.HAL_GetTick) for HAL_GetTick
    stm32f2xx_hal_spi.o(i.SPI_CloseRxTx_ISR) refers to stm32f2xx_hal_spi.o(i.SPI_CheckFlag_BSY) for SPI_CheckFlag_BSY
    stm32f2xx_hal_spi.o(i.SPI_CloseRxTx_ISR) refers to stm32f2xx_hal_spi.o(i.HAL_SPI_ErrorCallback) for HAL_SPI_ErrorCallback
    stm32f2xx_hal_spi.o(i.SPI_CloseRxTx_ISR) refers to stm32f2xx_hal_spi.o(i.HAL_SPI_TxRxCpltCallback) for HAL_SPI_TxRxCpltCallback
    stm32f2xx_hal_spi.o(i.SPI_CloseRxTx_ISR) refers to stm32f2xx_hal_spi.o(i.HAL_SPI_RxCpltCallback) for HAL_SPI_RxCpltCallback
    stm32f2xx_hal_spi.o(i.SPI_CloseRxTx_ISR) refers to system_stm32f2xx.o(.data) for SystemCoreClock
    stm32f2xx_hal_spi.o(i.SPI_CloseRx_ISR) refers to stm32f2xx_hal_spi.o(i.HAL_SPI_ErrorCallback) for HAL_SPI_ErrorCallback
    stm32f2xx_hal_spi.o(i.SPI_CloseRx_ISR) refers to stm32f2xx_hal_spi.o(i.HAL_SPI_RxCpltCallback) for HAL_SPI_RxCpltCallback
    stm32f2xx_hal_spi.o(i.SPI_CloseTx_ISR) refers to stm32f2xx_hal.o(i.HAL_GetTick) for HAL_GetTick
    stm32f2xx_hal_spi.o(i.SPI_CloseTx_ISR) refers to stm32f2xx_hal_spi.o(i.SPI_CheckFlag_BSY) for SPI_CheckFlag_BSY
    stm32f2xx_hal_spi.o(i.SPI_CloseTx_ISR) refers to stm32f2xx_hal_spi.o(i.HAL_SPI_ErrorCallback) for HAL_SPI_ErrorCallback
    stm32f2xx_hal_spi.o(i.SPI_CloseTx_ISR) refers to stm32f2xx_hal_spi.o(i.HAL_SPI_TxCpltCallback) for HAL_SPI_TxCpltCallback
    stm32f2xx_hal_spi.o(i.SPI_CloseTx_ISR) refers to system_stm32f2xx.o(.data) for SystemCoreClock
    stm32f2xx_hal_spi.o(i.SPI_DMAAbortOnError) refers to stm32f2xx_hal_spi.o(i.HAL_SPI_ErrorCallback) for HAL_SPI_ErrorCallback
    stm32f2xx_hal_spi.o(i.SPI_DMAError) refers to stm32f2xx_hal_spi.o(i.HAL_SPI_ErrorCallback) for HAL_SPI_ErrorCallback
    stm32f2xx_hal_spi.o(i.SPI_DMAHalfReceiveCplt) refers to stm32f2xx_hal_spi.o(i.HAL_SPI_RxHalfCpltCallback) for HAL_SPI_RxHalfCpltCallback
    stm32f2xx_hal_spi.o(i.SPI_DMAHalfTransmitCplt) refers to stm32f2xx_hal_spi.o(i.HAL_SPI_TxHalfCpltCallback) for HAL_SPI_TxHalfCpltCallback
    stm32f2xx_hal_spi.o(i.SPI_DMAHalfTransmitReceiveCplt) refers to stm32f2xx_hal_spi.o(i.HAL_SPI_TxRxHalfCpltCallback) for HAL_SPI_TxRxHalfCpltCallback
    stm32f2xx_hal_spi.o(i.SPI_DMAReceiveCplt) refers to stm32f2xx_hal_spi.o(i.HAL_SPI_ErrorCallback) for HAL_SPI_ErrorCallback
    stm32f2xx_hal_spi.o(i.SPI_DMAReceiveCplt) refers to stm32f2xx_hal_spi.o(i.HAL_SPI_RxCpltCallback) for HAL_SPI_RxCpltCallback
    stm32f2xx_hal_spi.o(i.SPI_DMATransmitCplt) refers to stm32f2xx_hal.o(i.HAL_GetTick) for HAL_GetTick
    stm32f2xx_hal_spi.o(i.SPI_DMATransmitCplt) refers to stm32f2xx_hal_spi.o(i.SPI_CheckFlag_BSY) for SPI_CheckFlag_BSY
    stm32f2xx_hal_spi.o(i.SPI_DMATransmitCplt) refers to stm32f2xx_hal_spi.o(i.HAL_SPI_ErrorCallback) for HAL_SPI_ErrorCallback
    stm32f2xx_hal_spi.o(i.SPI_DMATransmitCplt) refers to stm32f2xx_hal_spi.o(i.HAL_SPI_TxCpltCallback) for HAL_SPI_TxCpltCallback
    stm32f2xx_hal_spi.o(i.SPI_DMATransmitReceiveCplt) refers to stm32f2xx_hal.o(i.HAL_GetTick) for HAL_GetTick
    stm32f2xx_hal_spi.o(i.SPI_DMATransmitReceiveCplt) refers to stm32f2xx_hal_spi.o(i.SPI_CheckFlag_BSY) for SPI_CheckFlag_BSY
    stm32f2xx_hal_spi.o(i.SPI_DMATransmitReceiveCplt) refers to stm32f2xx_hal_spi.o(i.HAL_SPI_ErrorCallback) for HAL_SPI_ErrorCallback
    stm32f2xx_hal_spi.o(i.SPI_DMATransmitReceiveCplt) refers to stm32f2xx_hal_spi.o(i.HAL_SPI_TxRxCpltCallback) for HAL_SPI_TxRxCpltCallback
    stm32f2xx_hal_spi.o(i.SPI_RxISR_16BIT) refers to stm32f2xx_hal_spi.o(i.SPI_CloseRx_ISR) for SPI_CloseRx_ISR
    stm32f2xx_hal_spi.o(i.SPI_RxISR_8BIT) refers to stm32f2xx_hal_spi.o(i.SPI_CloseRx_ISR) for SPI_CloseRx_ISR
    stm32f2xx_hal_spi.o(i.SPI_TxISR_16BIT) refers to stm32f2xx_hal_spi.o(i.SPI_CloseTx_ISR) for SPI_CloseTx_ISR
    stm32f2xx_hal_spi.o(i.SPI_TxISR_8BIT) refers to stm32f2xx_hal_spi.o(i.SPI_CloseTx_ISR) for SPI_CloseTx_ISR
    stm32f2xx_hal_spi.o(i.SPI_WaitFlagStateUntilTimeout) refers to stm32f2xx_hal.o(i.HAL_GetTick) for HAL_GetTick
    stm32f2xx_hal_pwr_ex.o(i.HAL_PWREx_DisableBkUpReg) refers to stm32f2xx_hal.o(i.HAL_GetTick) for HAL_GetTick
    stm32f2xx_hal_pwr_ex.o(i.HAL_PWREx_EnableBkUpReg) refers to stm32f2xx_hal.o(i.HAL_GetTick) for HAL_GetTick
    stm32f2xx_hal_flash.o(i.FLASH_SetErrorCode) refers to stm32f2xx_hal_flash.o(.bss) for .bss
    stm32f2xx_hal_flash.o(i.FLASH_WaitForLastOperation) refers to stm32f2xx_hal.o(i.HAL_GetTick) for HAL_GetTick
    stm32f2xx_hal_flash.o(i.FLASH_WaitForLastOperation) refers to stm32f2xx_hal_flash.o(i.FLASH_SetErrorCode) for FLASH_SetErrorCode
    stm32f2xx_hal_flash.o(i.FLASH_WaitForLastOperation) refers to stm32f2xx_hal_flash.o(.bss) for .bss
    stm32f2xx_hal_flash.o(i.HAL_FLASH_GetError) refers to stm32f2xx_hal_flash.o(.bss) for .bss
    stm32f2xx_hal_flash.o(i.HAL_FLASH_IRQHandler) refers to stm32f2xx_hal_flash.o(i.FLASH_SetErrorCode) for FLASH_SetErrorCode
    stm32f2xx_hal_flash.o(i.HAL_FLASH_IRQHandler) refers to stm32f2xx_hal_flash.o(i.HAL_FLASH_OperationErrorCallback) for HAL_FLASH_OperationErrorCallback
    stm32f2xx_hal_flash.o(i.HAL_FLASH_IRQHandler) refers to stm32f2xx_hal_flash.o(i.HAL_FLASH_EndOfOperationCallback) for HAL_FLASH_EndOfOperationCallback
    stm32f2xx_hal_flash.o(i.HAL_FLASH_IRQHandler) refers to stm32f2xx_hal_flash_ex.o(i.FLASH_Erase_Sector) for FLASH_Erase_Sector
    stm32f2xx_hal_flash.o(i.HAL_FLASH_IRQHandler) refers to stm32f2xx_hal_flash_ex.o(i.FLASH_FlushCaches) for FLASH_FlushCaches
    stm32f2xx_hal_flash.o(i.HAL_FLASH_IRQHandler) refers to stm32f2xx_hal_flash.o(.bss) for .bss
    stm32f2xx_hal_flash.o(i.HAL_FLASH_OB_Launch) refers to stm32f2xx_hal_flash.o(i.FLASH_WaitForLastOperation) for FLASH_WaitForLastOperation
    stm32f2xx_hal_flash.o(i.HAL_FLASH_Program) refers to stm32f2xx_hal_flash.o(i.FLASH_WaitForLastOperation) for FLASH_WaitForLastOperation
    stm32f2xx_hal_flash.o(i.HAL_FLASH_Program) refers to stm32f2xx_hal_flash.o(i.FLASH_Program_DoubleWord) for FLASH_Program_DoubleWord
    stm32f2xx_hal_flash.o(i.HAL_FLASH_Program) refers to stm32f2xx_hal_flash.o(i.FLASH_Program_Byte) for FLASH_Program_Byte
    stm32f2xx_hal_flash.o(i.HAL_FLASH_Program) refers to stm32f2xx_hal_flash.o(i.FLASH_Program_HalfWord) for FLASH_Program_HalfWord
    stm32f2xx_hal_flash.o(i.HAL_FLASH_Program) refers to stm32f2xx_hal_flash.o(i.FLASH_Program_Word) for FLASH_Program_Word
    stm32f2xx_hal_flash.o(i.HAL_FLASH_Program) refers to stm32f2xx_hal_flash.o(.bss) for .bss
    stm32f2xx_hal_flash.o(i.HAL_FLASH_Program_IT) refers to stm32f2xx_hal_flash.o(i.FLASH_Program_DoubleWord) for FLASH_Program_DoubleWord
    stm32f2xx_hal_flash.o(i.HAL_FLASH_Program_IT) refers to stm32f2xx_hal_flash.o(i.FLASH_Program_Byte) for FLASH_Program_Byte
    stm32f2xx_hal_flash.o(i.HAL_FLASH_Program_IT) refers to stm32f2xx_hal_flash.o(i.FLASH_Program_HalfWord) for FLASH_Program_HalfWord
    stm32f2xx_hal_flash.o(i.HAL_FLASH_Program_IT) refers to stm32f2xx_hal_flash.o(i.FLASH_Program_Word) for FLASH_Program_Word
    stm32f2xx_hal_flash.o(i.HAL_FLASH_Program_IT) refers to stm32f2xx_hal_flash.o(.bss) for .bss
    stm32f2xx_hal_dma.o(i.DMA_CalcBaseAndBitshift) refers to stm32f2xx_hal_dma.o(.constdata) for .constdata
    stm32f2xx_hal_dma.o(i.HAL_DMA_Abort) refers to stm32f2xx_hal.o(i.HAL_GetTick) for HAL_GetTick
    stm32f2xx_hal_dma.o(i.HAL_DMA_DeInit) refers to stm32f2xx_hal_dma.o(i.DMA_CalcBaseAndBitshift) for DMA_CalcBaseAndBitshift
    stm32f2xx_hal_dma.o(i.HAL_DMA_IRQHandler) refers to system_stm32f2xx.o(.data) for SystemCoreClock
    stm32f2xx_hal_dma.o(i.HAL_DMA_Init) refers to stm32f2xx_hal.o(i.HAL_GetTick) for HAL_GetTick
    stm32f2xx_hal_dma.o(i.HAL_DMA_Init) refers to stm32f2xx_hal_dma.o(i.DMA_CheckFifoParam) for DMA_CheckFifoParam
    stm32f2xx_hal_dma.o(i.HAL_DMA_Init) refers to stm32f2xx_hal_dma.o(i.DMA_CalcBaseAndBitshift) for DMA_CalcBaseAndBitshift
    stm32f2xx_hal_dma.o(i.HAL_DMA_PollForTransfer) refers to stm32f2xx_hal.o(i.HAL_GetTick) for HAL_GetTick
    stm32f2xx_hal_dma.o(i.HAL_DMA_PollForTransfer) refers to stm32f2xx_hal_dma.o(i.HAL_DMA_Abort) for HAL_DMA_Abort
    stm32f2xx_hal_dma.o(i.HAL_DMA_Start) refers to stm32f2xx_hal_dma.o(i.DMA_SetConfig) for DMA_SetConfig
    stm32f2xx_hal_dma.o(i.HAL_DMA_Start_IT) refers to stm32f2xx_hal_dma.o(i.DMA_SetConfig) for DMA_SetConfig
    stm32f2xx_hal_uart.o(i.HAL_HalfDuplex_Init) refers to stm32f2xx_hal_msp.o(i.HAL_UART_MspInit) for HAL_UART_MspInit
    stm32f2xx_hal_uart.o(i.HAL_HalfDuplex_Init) refers to stm32f2xx_hal_uart.o(i.UART_SetConfig) for UART_SetConfig
    stm32f2xx_hal_uart.o(i.HAL_LIN_Init) refers to stm32f2xx_hal_msp.o(i.HAL_UART_MspInit) for HAL_UART_MspInit
    stm32f2xx_hal_uart.o(i.HAL_LIN_Init) refers to stm32f2xx_hal_uart.o(i.UART_SetConfig) for UART_SetConfig
    stm32f2xx_hal_uart.o(i.HAL_MultiProcessor_Init) refers to stm32f2xx_hal_msp.o(i.HAL_UART_MspInit) for HAL_UART_MspInit
    stm32f2xx_hal_uart.o(i.HAL_MultiProcessor_Init) refers to stm32f2xx_hal_uart.o(i.UART_SetConfig) for UART_SetConfig
    stm32f2xx_hal_uart.o(i.HAL_UART_Abort) refers to stm32f2xx_hal_dma.o(i.HAL_DMA_Abort) for HAL_DMA_Abort
    stm32f2xx_hal_uart.o(i.HAL_UART_AbortReceive) refers to stm32f2xx_hal_dma.o(i.HAL_DMA_Abort) for HAL_DMA_Abort
    stm32f2xx_hal_uart.o(i.HAL_UART_AbortReceive_IT) refers to stm32f2xx_hal_dma.o(i.HAL_DMA_Abort_IT) for HAL_DMA_Abort_IT
    stm32f2xx_hal_uart.o(i.HAL_UART_AbortReceive_IT) refers to stm32f2xx_hal_uart.o(i.HAL_UART_AbortReceiveCpltCallback) for HAL_UART_AbortReceiveCpltCallback
    stm32f2xx_hal_uart.o(i.HAL_UART_AbortReceive_IT) refers to stm32f2xx_hal_uart.o(i.UART_DMARxOnlyAbortCallback) for UART_DMARxOnlyAbortCallback
    stm32f2xx_hal_uart.o(i.HAL_UART_AbortTransmit) refers to stm32f2xx_hal_dma.o(i.HAL_DMA_Abort) for HAL_DMA_Abort
    stm32f2xx_hal_uart.o(i.HAL_UART_AbortTransmit_IT) refers to stm32f2xx_hal_dma.o(i.HAL_DMA_Abort_IT) for HAL_DMA_Abort_IT
    stm32f2xx_hal_uart.o(i.HAL_UART_AbortTransmit_IT) refers to stm32f2xx_hal_uart.o(i.HAL_UART_AbortTransmitCpltCallback) for HAL_UART_AbortTransmitCpltCallback
    stm32f2xx_hal_uart.o(i.HAL_UART_AbortTransmit_IT) refers to stm32f2xx_hal_uart.o(i.UART_DMATxOnlyAbortCallback) for UART_DMATxOnlyAbortCallback
    stm32f2xx_hal_uart.o(i.HAL_UART_Abort_IT) refers to stm32f2xx_hal_dma.o(i.HAL_DMA_Abort_IT) for HAL_DMA_Abort_IT
    stm32f2xx_hal_uart.o(i.HAL_UART_Abort_IT) refers to stm32f2xx_hal_uart.o(i.HAL_UART_AbortCpltCallback) for HAL_UART_AbortCpltCallback
    stm32f2xx_hal_uart.o(i.HAL_UART_Abort_IT) refers to stm32f2xx_hal_uart.o(i.UART_DMATxAbortCallback) for UART_DMATxAbortCallback
    stm32f2xx_hal_uart.o(i.HAL_UART_Abort_IT) refers to stm32f2xx_hal_uart.o(i.UART_DMARxAbortCallback) for UART_DMARxAbortCallback
    stm32f2xx_hal_uart.o(i.HAL_UART_DMAStop) refers to stm32f2xx_hal_dma.o(i.HAL_DMA_Abort) for HAL_DMA_Abort
    stm32f2xx_hal_uart.o(i.HAL_UART_DMAStop) refers to stm32f2xx_hal_uart.o(i.UART_EndTxTransfer) for UART_EndTxTransfer
    stm32f2xx_hal_uart.o(i.HAL_UART_DMAStop) refers to stm32f2xx_hal_uart.o(i.UART_EndRxTransfer) for UART_EndRxTransfer
    stm32f2xx_hal_uart.o(i.HAL_UART_DeInit) refers to stm32f2xx_hal_msp.o(i.HAL_UART_MspDeInit) for HAL_UART_MspDeInit
    stm32f2xx_hal_uart.o(i.HAL_UART_IRQHandler) refers to stm32f2xx_hal_uart.o(i.UART_Receive_IT) for UART_Receive_IT
    stm32f2xx_hal_uart.o(i.HAL_UART_IRQHandler) refers to stm32f2xx_hal_uart.o(i.UART_EndRxTransfer) for UART_EndRxTransfer
    stm32f2xx_hal_uart.o(i.HAL_UART_IRQHandler) refers to stm32f2xx_hal_dma.o(i.HAL_DMA_Abort_IT) for HAL_DMA_Abort_IT
    stm32f2xx_hal_uart.o(i.HAL_UART_IRQHandler) refers to stm32f2xx_hal_uart.o(i.HAL_UART_ErrorCallback) for HAL_UART_ErrorCallback
    stm32f2xx_hal_uart.o(i.HAL_UART_IRQHandler) refers to stm32f2xx_hal_uart.o(i.UART_Transmit_IT) for UART_Transmit_IT
    stm32f2xx_hal_uart.o(i.HAL_UART_IRQHandler) refers to stm32f2xx_hal_uart.o(i.HAL_UART_TxCpltCallback) for HAL_UART_TxCpltCallback
    stm32f2xx_hal_uart.o(i.HAL_UART_IRQHandler) refers to stm32f2xx_hal_uart.o(i.UART_DMAAbortOnError) for UART_DMAAbortOnError
    stm32f2xx_hal_uart.o(i.HAL_UART_Init) refers to stm32f2xx_hal_msp.o(i.HAL_UART_MspInit) for HAL_UART_MspInit
    stm32f2xx_hal_uart.o(i.HAL_UART_Init) refers to stm32f2xx_hal_uart.o(i.UART_SetConfig) for UART_SetConfig
    stm32f2xx_hal_uart.o(i.HAL_UART_Receive) refers to stm32f2xx_hal.o(i.HAL_GetTick) for HAL_GetTick
    stm32f2xx_hal_uart.o(i.HAL_UART_Receive) refers to stm32f2xx_hal_uart.o(i.UART_WaitOnFlagUntilTimeout) for UART_WaitOnFlagUntilTimeout
    stm32f2xx_hal_uart.o(i.HAL_UART_Receive_DMA) refers to stm32f2xx_hal_dma.o(i.HAL_DMA_Start_IT) for HAL_DMA_Start_IT
    stm32f2xx_hal_uart.o(i.HAL_UART_Receive_DMA) refers to stm32f2xx_hal_uart.o(i.UART_DMAReceiveCplt) for UART_DMAReceiveCplt
    stm32f2xx_hal_uart.o(i.HAL_UART_Receive_DMA) refers to stm32f2xx_hal_uart.o(i.UART_DMARxHalfCplt) for UART_DMARxHalfCplt
    stm32f2xx_hal_uart.o(i.HAL_UART_Receive_DMA) refers to stm32f2xx_hal_uart.o(i.UART_DMAError) for UART_DMAError
    stm32f2xx_hal_uart.o(i.HAL_UART_Transmit) refers to stm32f2xx_hal.o(i.HAL_GetTick) for HAL_GetTick
    stm32f2xx_hal_uart.o(i.HAL_UART_Transmit) refers to stm32f2xx_hal_uart.o(i.UART_WaitOnFlagUntilTimeout) for UART_WaitOnFlagUntilTimeout
    stm32f2xx_hal_uart.o(i.HAL_UART_Transmit_DMA) refers to stm32f2xx_hal_dma.o(i.HAL_DMA_Start_IT) for HAL_DMA_Start_IT
    stm32f2xx_hal_uart.o(i.HAL_UART_Transmit_DMA) refers to stm32f2xx_hal_uart.o(i.UART_DMATransmitCplt) for UART_DMATransmitCplt
    stm32f2xx_hal_uart.o(i.HAL_UART_Transmit_DMA) refers to stm32f2xx_hal_uart.o(i.UART_DMATxHalfCplt) for UART_DMATxHalfCplt
    stm32f2xx_hal_uart.o(i.HAL_UART_Transmit_DMA) refers to stm32f2xx_hal_uart.o(i.UART_DMAError) for UART_DMAError
    stm32f2xx_hal_uart.o(i.UART_DMAAbortOnError) refers to stm32f2xx_hal_uart.o(i.HAL_UART_ErrorCallback) for HAL_UART_ErrorCallback
    stm32f2xx_hal_uart.o(i.UART_DMAError) refers to stm32f2xx_hal_uart.o(i.UART_EndTxTransfer) for UART_EndTxTransfer
    stm32f2xx_hal_uart.o(i.UART_DMAError) refers to stm32f2xx_hal_uart.o(i.UART_EndRxTransfer) for UART_EndRxTransfer
    stm32f2xx_hal_uart.o(i.UART_DMAError) refers to stm32f2xx_hal_uart.o(i.HAL_UART_ErrorCallback) for HAL_UART_ErrorCallback
    stm32f2xx_hal_uart.o(i.UART_DMAReceiveCplt) refers to stm32f2xx_hal_uart.o(i.HAL_UART_RxCpltCallback) for HAL_UART_RxCpltCallback
    stm32f2xx_hal_uart.o(i.UART_DMARxAbortCallback) refers to stm32f2xx_hal_uart.o(i.HAL_UART_AbortCpltCallback) for HAL_UART_AbortCpltCallback
    stm32f2xx_hal_uart.o(i.UART_DMARxHalfCplt) refers to stm32f2xx_hal_uart.o(i.HAL_UART_RxHalfCpltCallback) for HAL_UART_RxHalfCpltCallback
    stm32f2xx_hal_uart.o(i.UART_DMARxOnlyAbortCallback) refers to stm32f2xx_hal_uart.o(i.HAL_UART_AbortReceiveCpltCallback) for HAL_UART_AbortReceiveCpltCallback
    stm32f2xx_hal_uart.o(i.UART_DMATransmitCplt) refers to stm32f2xx_hal_uart.o(i.HAL_UART_TxCpltCallback) for HAL_UART_TxCpltCallback
    stm32f2xx_hal_uart.o(i.UART_DMATxAbortCallback) refers to stm32f2xx_hal_uart.o(i.HAL_UART_AbortCpltCallback) for HAL_UART_AbortCpltCallback
    stm32f2xx_hal_uart.o(i.UART_DMATxHalfCplt) refers to stm32f2xx_hal_uart.o(i.HAL_UART_TxHalfCpltCallback) for HAL_UART_TxHalfCpltCallback
    stm32f2xx_hal_uart.o(i.UART_DMATxOnlyAbortCallback) refers to stm32f2xx_hal_uart.o(i.HAL_UART_AbortTransmitCpltCallback) for HAL_UART_AbortTransmitCpltCallback
    stm32f2xx_hal_uart.o(i.UART_Receive_IT) refers to stm32f2xx_hal_uart.o(i.HAL_UART_RxCpltCallback) for HAL_UART_RxCpltCallback
    stm32f2xx_hal_uart.o(i.UART_SetConfig) refers to stm32f2xx_hal_rcc.o(i.HAL_RCC_GetPCLK2Freq) for HAL_RCC_GetPCLK2Freq
    stm32f2xx_hal_uart.o(i.UART_SetConfig) refers to stm32f2xx_hal_rcc.o(i.HAL_RCC_GetPCLK1Freq) for HAL_RCC_GetPCLK1Freq
    stm32f2xx_hal_uart.o(i.UART_WaitOnFlagUntilTimeout) refers to stm32f2xx_hal.o(i.HAL_GetTick) for HAL_GetTick
    system_stm32f2xx.o(i.SystemCoreClockUpdate) refers to system_stm32f2xx.o(.data) for .data
    system_stm32f2xx.o(i.SystemCoreClockUpdate) refers to system_stm32f2xx.o(.constdata) for .constdata
    stm32f2xx_hal_msp.o(i.HAL_MspInit) refers to stm32f2xx_hal_cortex.o(i.HAL_NVIC_SetPriorityGrouping) for HAL_NVIC_SetPriorityGrouping
    stm32f2xx_hal_msp.o(i.HAL_MspInit) refers to stm32f2xx_hal_cortex.o(i.HAL_NVIC_SetPriority) for HAL_NVIC_SetPriority
    stm32f2xx_hal_msp.o(i.HAL_SPI_MspDeInit) refers to stm32f2xx_hal_gpio.o(i.HAL_GPIO_DeInit) for HAL_GPIO_DeInit
    stm32f2xx_hal_msp.o(i.HAL_SPI_MspInit) refers to stm32f2xx_hal_gpio.o(i.HAL_GPIO_Init) for HAL_GPIO_Init
    stm32f2xx_hal_msp.o(i.HAL_TIM_Base_MspDeInit) refers to stm32f2xx_hal_cortex.o(i.HAL_NVIC_DisableIRQ) for HAL_NVIC_DisableIRQ
    stm32f2xx_hal_msp.o(i.HAL_TIM_Base_MspInit) refers to stm32f2xx_hal_cortex.o(i.HAL_NVIC_SetPriority) for HAL_NVIC_SetPriority
    stm32f2xx_hal_msp.o(i.HAL_TIM_Base_MspInit) refers to stm32f2xx_hal_cortex.o(i.HAL_NVIC_EnableIRQ) for HAL_NVIC_EnableIRQ
    stm32f2xx_hal_msp.o(i.HAL_TIM_Base_MspInit) refers to main.o(.bss) for htim2
    stm32f2xx_hal_msp.o(i.HAL_UART_MspDeInit) refers to stm32f2xx_hal_gpio.o(i.HAL_GPIO_DeInit) for HAL_GPIO_DeInit
    stm32f2xx_hal_msp.o(i.HAL_UART_MspDeInit) refers to stm32f2xx_hal_cortex.o(i.HAL_NVIC_DisableIRQ) for HAL_NVIC_DisableIRQ
    stm32f2xx_hal_msp.o(i.HAL_UART_MspInit) refers to stm32f2xx_hal_gpio.o(i.HAL_GPIO_Init) for HAL_GPIO_Init
    stm32f2xx_hal_msp.o(i.HAL_UART_MspInit) refers to stm32f2xx_hal_cortex.o(i.HAL_NVIC_SetPriority) for HAL_NVIC_SetPriority
    stm32f2xx_hal_msp.o(i.HAL_UART_MspInit) refers to stm32f2xx_hal_cortex.o(i.HAL_NVIC_EnableIRQ) for HAL_NVIC_EnableIRQ
    stm32f2xx_hal_msp.o(i.HAL_UART_MspInit) refers to main.o(.bss) for huart1
    main.o(i.MX_SPI1_Init) refers to stm32f2xx_hal_spi.o(i.HAL_SPI_Init) for HAL_SPI_Init
    main.o(i.MX_SPI1_Init) refers to main.o(.bss) for .bss
    main.o(i.MX_TIM2_Init) refers to stm32f2xx_hal_tim.o(i.HAL_TIM_Base_Init) for HAL_TIM_Base_Init
    main.o(i.MX_TIM2_Init) refers to stm32f2xx_hal_tim.o(i.HAL_TIM_ConfigClockSource) for HAL_TIM_ConfigClockSource
    main.o(i.MX_TIM2_Init) refers to stm32f2xx_hal_tim_ex.o(i.HAL_TIMEx_MasterConfigSynchronization) for HAL_TIMEx_MasterConfigSynchronization
    main.o(i.MX_TIM2_Init) refers to main.o(.bss) for .bss
    main.o(i.SystemClock_Config) refers to stm32f2xx_hal_rcc.o(i.HAL_RCC_OscConfig) for HAL_RCC_OscConfig
    main.o(i.SystemClock_Config) refers to stm32f2xx_hal_rcc.o(i.HAL_RCC_ClockConfig) for HAL_RCC_ClockConfig
    main.o(i.SystemClock_Config) refers to stm32f2xx_hal_rcc.o(i.HAL_RCC_GetHCLKFreq) for HAL_RCC_GetHCLKFreq
    main.o(i.SystemClock_Config) refers to stm32f2xx_hal_cortex.o(i.HAL_SYSTICK_Config) for HAL_SYSTICK_Config
    main.o(i.SystemClock_Config) refers to stm32f2xx_hal_cortex.o(i.HAL_SYSTICK_CLKSourceConfig) for HAL_SYSTICK_CLKSourceConfig
    main.o(i.SystemClock_Config) refers to stm32f2xx_hal_cortex.o(i.HAL_NVIC_SetPriority) for HAL_NVIC_SetPriority
    main.o(i.main) refers to stm32f2xx_hal.o(i.HAL_Init) for HAL_Init
    main.o(i.main) refers to main.o(i.SystemClock_Config) for SystemClock_Config
    main.o(i.main) refers to main.o(i.MX_SPI1_Init) for MX_SPI1_Init
    main.o(i.main) refers to stm32f2xx_hal_uart.o(i.HAL_UART_Init) for HAL_UART_Init
    main.o(i.main) refers to main.o(i.MX_TIM2_Init) for MX_TIM2_Init
    main.o(i.main) refers to driverbmp280_spi_english.o(i.UARTInterface) for UARTInterface
    main.o(i.main) refers to main.o(.bss) for .bss
    stm32f2xx_it.o(i.SysTick_Handler) refers to stm32f2xx_hal.o(i.HAL_IncTick) for HAL_IncTick
    stm32f2xx_it.o(i.SysTick_Handler) refers to stm32f2xx_hal_cortex.o(i.HAL_SYSTICK_IRQHandler) for HAL_SYSTICK_IRQHandler
    stm32f2xx_it.o(i.TIM2_IRQHandler) refers to stm32f2xx_hal_tim.o(i.HAL_TIM_IRQHandler) for HAL_TIM_IRQHandler
    stm32f2xx_it.o(i.TIM2_IRQHandler) refers to main.o(.bss) for htim2
    stm32f2xx_it.o(i.USART1_IRQHandler) refers to stm32f2xx_hal_uart.o(i.HAL_UART_IRQHandler) for HAL_UART_IRQHandler
    stm32f2xx_it.o(i.USART1_IRQHandler) refers to driverbmp280_spi_english.o(i.GoToSPIDriverBMP280) for GoToSPIDriverBMP280
    stm32f2xx_it.o(i.USART1_IRQHandler) refers to main.o(.bss) for huart1
    driverbmp280_spi_english.o(i.Char2NumConversion) refers to atoi.o(.text) for atoi
    driverbmp280_spi_english.o(i.GoToSPIDriverBMP280) refers to driverbmp280_spi_english.o(i.UARTInterface) for UARTInterface
    driverbmp280_spi_english.o(i.GoToSPIDriverBMP280) refers to driverbmp280_spi_english.o(i.OptionLevelA) for OptionLevelA
    driverbmp280_spi_english.o(i.GoToSPIDriverBMP280) refers to driverbmp280_spi_english.o(i.TimerProgramming) for TimerProgramming
    driverbmp280_spi_english.o(i.GoToSPIDriverBMP280) refers to driverbmp280_spi_english.o(i.ReadTransmission) for ReadTransmission
    driverbmp280_spi_english.o(i.GoToSPIDriverBMP280) refers to stm32f2xx_hal_uart.o(i.HAL_UART_Transmit) for HAL_UART_Transmit
    driverbmp280_spi_english.o(i.GoToSPIDriverBMP280) refers to driverbmp280_spi_english.o(.data) for .data
    driverbmp280_spi_english.o(i.GoToSPIDriverBMP280) refers to main.o(.bss) for htim2
    driverbmp280_spi_english.o(i.Hex2NumConversion) refers to _scanf_int.o(.text) for _scanf_int
    driverbmp280_spi_english.o(i.Hex2NumConversion) refers to __0sscanf.o(.text) for __0sscanf
    driverbmp280_spi_english.o(i.Hex2NumConversion) refers to driverbmp280_spi_english.o(.data) for .data
    driverbmp280_spi_english.o(i.OptionLevelA) refers to driverbmp280_spi_english.o(i.Char2NumConversion) for Char2NumConversion
    driverbmp280_spi_english.o(i.OptionLevelA) refers to stm32f2xx_hal_uart.o(i.HAL_UART_Transmit) for HAL_UART_Transmit
    driverbmp280_spi_english.o(i.OptionLevelA) refers to driverbmp280_spi_english.o(.data) for .data
    driverbmp280_spi_english.o(i.OptionLevelA) refers to main.o(.bss) for huart1
    driverbmp280_spi_english.o(i.ReadTransmission) refers to driverbmp280_spi_english.o(i.Hex2NumConversion) for Hex2NumConversion
    driverbmp280_spi_english.o(i.ReadTransmission) refers to stm32f2xx_hal_spi.o(i.HAL_SPI_TransmitReceive) for HAL_SPI_TransmitReceive
    driverbmp280_spi_english.o(i.ReadTransmission) refers to stm32f2xx_hal_uart.o(i.HAL_UART_Transmit) for HAL_UART_Transmit
    driverbmp280_spi_english.o(i.ReadTransmission) refers to driverbmp280_spi_english.o(.data) for .data
    driverbmp280_spi_english.o(i.ReadTransmission) refers to main.o(.bss) for hspi1
    driverbmp280_spi_english.o(i.TimerProgramming) refers to atoi.o(.text) for atoi
    driverbmp280_spi_english.o(i.TimerProgramming) refers to stm32f2xx_hal_tim.o(i.TIM_Base_SetConfig) for TIM_Base_SetConfig
    driverbmp280_spi_english.o(i.TimerProgramming) refers to stm32f2xx_hal_uart.o(i.HAL_UART_Transmit) for HAL_UART_Transmit
    driverbmp280_spi_english.o(i.TimerProgramming) refers to main.o(.bss) for htim2
    driverbmp280_spi_english.o(i.TimerProgramming) refers to driverbmp280_spi_english.o(.data) for .data
    driverbmp280_spi_english.o(i.UARTInterface) refers to stm32f2xx_hal_uart.o(i.HAL_UART_Transmit) for HAL_UART_Transmit
    driverbmp280_spi_english.o(i.UARTInterface) refers to driverbmp280_spi_english.o(.data) for .data
    driverbmp280_spi_english.o(i.UARTInterface) refers to main.o(.bss) for huart1
    entry.o(.ARM.Collect$$$$00000000) refers (Special) to entry10a.o(.ARM.Collect$$$$0000000D) for __rt_final_cpp
    entry.o(.ARM.Collect$$$$00000000) refers (Special) to entry11a.o(.ARM.Collect$$$$0000000F) for __rt_final_exit
    entry.o(.ARM.Collect$$$$00000000) refers (Special) to entry7b.o(.ARM.Collect$$$$00000008) for _main_clock
    entry.o(.ARM.Collect$$$$00000000) refers (Special) to entry8b.o(.ARM.Collect$$$$0000000A) for _main_cpp_init
    entry.o(.ARM.Collect$$$$00000000) refers (Special) to entry9a.o(.ARM.Collect$$$$0000000B) for _main_init
    entry.o(.ARM.Collect$$$$00000000) refers (Special) to entry5.o(.ARM.Collect$$$$00000004) for _main_scatterload
    entry.o(.ARM.Collect$$$$00000000) refers (Special) to entry2.o(.ARM.Collect$$$$00000001) for _main_stk
    uldiv.o(.text) refers to llushr.o(.text) for __aeabi_llsr
    uldiv.o(.text) refers to llshl.o(.text) for __aeabi_llsl
    __0sscanf.o(.text) refers to scanf_char.o(.text) for __vfscanf_char
    __0sscanf.o(.text) refers to _sgetc.o(.text) for _sgetc
    _scanf_int.o(.text) refers to _chval.o(.text) for _chval
    atoi.o(.text) refers to errno.o(i.__aeabi_errno_addr) for __aeabi_errno_addr
    atoi.o(.text) refers to strtol.o(.text) for strtol
    entry2.o(.ARM.Collect$$$$00000001) refers to entry2.o(.ARM.Collect$$$$00002712) for __lit__00000000
    entry2.o(.ARM.Collect$$$$00002712) refers to startup_stm32f205xx.o(STACK) for __initial_sp
    entry2.o(__vectab_stack_and_reset_area) refers to startup_stm32f205xx.o(STACK) for __initial_sp
    entry2.o(__vectab_stack_and_reset_area) refers to entry.o(.ARM.Collect$$$$00000000) for __main
    entry5.o(.ARM.Collect$$$$00000004) refers to init.o(.text) for __scatterload
    entry9a.o(.ARM.Collect$$$$0000000B) refers to main.o(i.main) for main
    entry9b.o(.ARM.Collect$$$$0000000C) refers to main.o(i.main) for main
    errno.o(i.__aeabi_errno_addr) refers to errno.o(.data) for .data
    errno.o(i.__read_errno) refers to errno.o(.data) for .data
    errno.o(i.__set_errno) refers to errno.o(.data) for .data
    scanf_char.o(.text) refers to _scanf.o(.text) for __vfscanf
    scanf_char.o(.text) refers to isspace_o.o(.text) for isspace
    strtol.o(.text) refers to ctype_o.o(.text) for __rt_ctype_table
    strtol.o(.text) refers to _strtoul.o(.text) for _strtoul
    strtol.o(.text) refers to errno.o(i.__aeabi_errno_addr) for __aeabi_errno_addr
    init.o(.text) refers to entry5.o(.ARM.Collect$$$$00000004) for __main_after_scatterload
    isspace_c.o(.text) refers to ctype_c.o(.text) for __ctype_lookup
    ctype_o.o(.text) refers to ctype_o.o(.constdata) for .constdata
    ctype_o.o(.constdata) refers to ctype_o.o(.constdata) for __ctype_table
    isalnum_o.o(.text) refers to ctype_o.o(.text) for __rt_ctype_table
    isalpha_o.o(.text) refers to ctype_o.o(.text) for __rt_ctype_table
    isblank_o.o(.text) refers to ctype_o.o(.constdata) for __ctype_table
    iscntrl_o.o(.text) refers to ctype_o.o(.text) for __rt_ctype_table
    isdigit_o.o(.text) refers to ctype_o.o(.text) for __rt_ctype_table
    isgraph_o.o(.text) refers to ctype_o.o(.text) for __rt_ctype_table
    islower_o.o(.text) refers to ctype_o.o(.text) for __rt_ctype_table
    isprint_o.o(.text) refers to ctype_o.o(.text) for __rt_ctype_table
    ispunct_o.o(.text) refers to ctype_o.o(.text) for __rt_ctype_table
    isspace_o.o(.text) refers to ctype_o.o(.text) for __rt_ctype_table
    isupper_o.o(.text) refers to ctype_o.o(.text) for __rt_ctype_table
    isxdigit_o.o(.text) refers to ctype_o.o(.text) for __rt_ctype_table
    _scanf.o(.text) refers (Weak) to _scanf_int.o(.text) for _scanf_int
    _strtoul.o(.text) refers to _chval.o(.text) for _chval
    _strtoul.o(.text) refers to errno.o(i.__aeabi_errno_addr) for __aeabi_errno_addr
    ctype_c.o(.text) refers to ctype_c.o(.constdata) for .constdata

